2025-11-17 19:46:53 - INFO - ✅ Log cleared
2025-11-17 19:51:11 - INFO - App started
2025-11-17 19:51:11 - INFO - Uploader ready
2025-11-17 19:51:11 - INFO - ✅ Drag & Drop enabled
2025-11-17 19:51:24 - INFO - 📂 Drop event: {D:/082205003533-Võ Khánh Duy.docx}
2025-11-17 19:51:24 - INFO - ✅ Added from drop: D:/082205003533-Võ Khánh Duy.docx
2025-11-17 19:51:24 - INFO - Added: 082205003533-Võ Khánh Duy.docx
2025-11-17 19:51:25 - INFO - Upload started
2025-11-17 19:51:26 - INFO - Completed: fq_1763383884569_0
2025-11-17 19:51:26 - INFO - Completed: fq_1763383884569_0
2025-11-17 19:51:28 - INFO - Upload started
2025-11-17 19:51:42 - INFO - Upload cancelled
2025-11-17 19:55:30 - INFO - App started
2025-11-17 19:55:31 - INFO - Uploader ready
2025-11-17 19:55:31 - INFO - ✅ Drag & Drop enabled
2025-11-17 19:55:46 - INFO - 📂 Drop event: {D:/082205003533-Võ Khánh Duy.docx}
2025-11-17 19:55:46 - INFO - ✅ Added from drop: D:/082205003533-Võ Khánh Duy.docx
2025-11-17 19:55:46 - INFO - Added: 082205003533-Võ Khánh Duy.docx
2025-11-17 19:55:48 - INFO - Upload started
2025-11-17 19:55:48 - INFO - Completed: fq_1763384146011_0
2025-11-17 19:55:48 - INFO - Completed: fq_1763384146011_0
2025-11-17 19:56:12 - INFO - 📂 Drop event: {D:/082205003533_Võ Khánh Duy.docx}
2025-11-17 19:56:12 - INFO - ✅ Added from drop: D:/082205003533_Võ Khánh Duy.docx
2025-11-17 19:56:12 - INFO - Added: 082205003533_Võ Khánh Duy.docx
2025-11-17 19:56:52 - INFO - App started
2025-11-17 19:56:52 - INFO - Uploader ready
2025-11-17 19:56:52 - INFO - ✅ Drag & Drop enabled
2025-11-17 19:57:07 - INFO - 📂 Drop event: {D:/082205003533-Võ Khánh Duy.docx}
2025-11-17 19:57:07 - INFO - ✅ Added from drop: D:/082205003533-Võ Khánh Duy.docx
2025-11-17 19:57:07 - INFO - Added: 082205003533-Võ Khánh Duy.docx
2025-11-17 19:57:13 - INFO - Upload started
2025-11-17 19:57:13 - INFO - Completed: fq_1763384227877_0
2025-11-17 19:57:13 - INFO - Completed: fq_1763384227877_0
2025-11-17 19:57:25 - INFO - 📂 Drop event: {D:/082205003533_Võ Khánh Duy.docx}
2025-11-17 19:57:25 - INFO - ✅ Added from drop: D:/082205003533_Võ Khánh Duy.docx
2025-11-17 19:57:25 - INFO - Added: 082205003533_Võ Khánh Duy.docx
2025-11-17 19:57:44 - INFO - 📂 Drop event: D:/baitap.docx
2025-11-17 19:57:44 - INFO - ✅ Added from drop: D:/baitap.docx
2025-11-17 19:57:44 - INFO - Added: baitap.docx
2025-11-17 19:58:11 - INFO - Added: ELEARNING-01.docx
2025-11-17 19:59:13 - INFO - App started
2025-11-17 19:59:13 - INFO - Uploader ready
2025-11-17 19:59:13 - INFO - ✅ Drag & Drop enabled
2025-11-17 19:59:19 - INFO - 📂 Drop event: {D:/082205003533-Võ Khánh Duy.docx}
2025-11-17 19:59:19 - INFO - ✅ Added from drop: D:/082205003533-Võ Khánh Duy.docx
2025-11-17 19:59:19 - INFO - Added: 082205003533-Võ Khánh Duy.docx
2025-11-17 19:59:20 - INFO - Upload started
2025-11-17 19:59:20 - INFO - Completed: fq_1763384359530_0
2025-11-17 19:59:20 - INFO - Completed: fq_1763384359530_0
2025-11-17 20:04:51 - INFO - App started
2025-11-17 20:04:52 - INFO - Uploader ready
2025-11-17 20:04:52 - INFO - ✅ Drag & Drop enabled
2025-11-17 20:05:04 - INFO - 📂 Drop event: {D:/082205003533-Võ Khánh Duy.docx}
2025-11-17 20:05:04 - INFO - ✅ Added from drop: D:/082205003533-Võ Khánh Duy.docx
2025-11-17 20:05:04 - INFO - Added: 082205003533-Võ Khánh Duy.docx
2025-11-17 20:05:05 - INFO - Upload started
2025-11-17 20:05:06 - INFO - Completed: fq_1763384704493_0
2025-11-17 20:05:06 - INFO - Completed: fq_1763384704493_0
2025-11-17 20:05:14 - INFO - 📂 Drop event: {D:/082205003533_Võ Khánh Duy.docx}
2025-11-17 20:05:14 - INFO - ✅ Added from drop: D:/082205003533_Võ Khánh Duy.docx
2025-11-17 20:05:14 - INFO - Added: 082205003533_Võ Khánh Duy.docx
2025-11-17 20:17:59 - INFO - App started
2025-11-17 20:18:00 - INFO - Uploader ready
2025-11-17 20:18:00 - INFO - ✅ Drag & Drop enabled
2025-11-17 20:18:15 - INFO - 📂 Drop event: {D:/082205003533-Võ Khánh Duy.docx}
2025-11-17 20:18:15 - INFO - ✅ Added from drop: D:/082205003533-Võ Khánh Duy.docx
2025-11-17 20:18:15 - INFO - Added: 082205003533-Võ Khánh Duy.docx
2025-11-17 20:18:16 - INFO - Upload started
2025-11-17 20:18:16 - INFO - Completed: fq_1763385495584_0
2025-11-17 20:18:16 - INFO - Completed: fq_1763385495584_0
2025-11-17 20:34:30 - INFO - App started
2025-11-17 20:34:31 - INFO - ✅ Drag & Drop enabled
2025-11-17 20:34:31 - INFO - Uploader ready
2025-11-17 20:34:51 - INFO - App closed
2025-11-17 20:35:05 - INFO - App started
2025-11-17 20:35:06 - INFO - ✅ Drag & Drop enabled
2025-11-17 20:35:06 - INFO - Uploader ready
2025-11-17 20:36:11 - INFO - App started
2025-11-17 20:36:11 - INFO - ✅ Drag & Drop enabled
2025-11-17 20:36:11 - INFO - Uploader ready
2025-11-17 20:36:25 - INFO - 📂 Drop event: {D:/082205003533-Võ Khánh Duy.docx}
2025-11-17 20:36:25 - INFO - ✅ Added from drop: D:/082205003533-Võ Khánh Duy.docx
2025-11-17 20:36:25 - INFO - Added: 082205003533-Võ Khánh Duy.docx
2025-11-17 20:36:26 - INFO - Upload started
2025-11-17 20:36:26 - INFO - Completed: fq_1763386585250_0
2025-11-17 20:36:26 - INFO - Completed: fq_1763386585250_0
2025-11-17 20:40:30 - INFO - 📂 Drop event: {D:/082205003533_Võ Khánh Duy.docx}
2025-11-17 20:40:30 - INFO - ✅ Added from drop: D:/082205003533_Võ Khánh Duy.docx
2025-11-17 20:40:30 - INFO - Added: 082205003533_Võ Khánh Duy.docx
2025-11-17 20:40:32 - INFO - Upload started
2025-11-17 20:40:32 - INFO - Completed: fq_1763386830987_1
2025-11-17 20:40:32 - INFO - Completed: fq_1763386830987_1
2025-11-17 20:40:49 - INFO - List cleared
2025-11-17 20:42:53 - INFO - App closed
2025-11-17 20:43:10 - INFO - App started
2025-11-17 20:43:11 - INFO - ✅ Drag & Drop enabled
2025-11-17 20:43:11 - INFO - Uploader ready
2025-11-17 20:43:28 - INFO - 📂 Drop event: {D:/082205003533-Võ Khánh Duy.docx}
2025-11-17 20:43:28 - INFO - ✅ Added from drop: D:/082205003533-Võ Khánh Duy.docx
2025-11-17 20:43:28 - INFO - Added: 082205003533-Võ Khánh Duy.docx
2025-11-17 20:43:29 - INFO - Upload started
2025-11-17 20:43:29 - INFO - Completed: fq_1763387008248_0
2025-11-17 20:43:29 - INFO - Completed: fq_1763387008248_0
2025-11-17 20:44:11 - INFO - 📂 Drop event: {D:/082205003533-Võ Khánh Duy.docx}
2025-11-17 20:44:11 - INFO - ✅ Added from drop: D:/082205003533-Võ Khánh Duy.docx
2025-11-17 20:44:16 - INFO - 📂 Drop event: {D:/082205003533-Võ Khánh Duy.docx}
2025-11-17 20:44:16 - INFO - ✅ Added from drop: D:/082205003533-Võ Khánh Duy.docx
2025-11-17 20:44:26 - INFO - 📂 Drop event: C:/Users/Admin/Downloads/Elearning_3.docx
2025-11-17 20:44:26 - INFO - ✅ Added from drop: C:/Users/Admin/Downloads/Elearning_3.docx
2025-11-17 20:44:26 - INFO - Added: Elearning_3.docx
2025-11-17 20:44:29 - INFO - Upload started
2025-11-17 20:44:29 - INFO - Completed: fq_1763387066299_1
2025-11-17 20:44:29 - INFO - Completed: fq_1763387066299_1
2025-11-17 20:59:10 - INFO - App started
2025-11-17 20:59:11 - INFO - ✅ Drag & Drop enabled
2025-11-17 20:59:11 - INFO - Uploader ready
2025-11-17 20:59:19 - INFO - Added: Elearning_3.docx
2025-11-17 20:59:23 - INFO - Upload started
2025-11-17 20:59:23 - INFO - Completed: fq_1763387959581_0
2025-11-17 20:59:23 - INFO - Completed: fq_1763387959581_0
2025-11-17 21:03:45 - INFO - App started
2025-11-17 21:03:45 - INFO - ✅ Drag & Drop enabled
2025-11-17 21:03:46 - INFO - Uploader ready
2025-11-17 21:03:56 - INFO - Added: Elearning_3.docx
2025-11-17 21:03:58 - INFO - Upload started
2025-11-17 21:03:58 - INFO - Completed: fq_1763388236547_0
2025-11-17 21:03:58 - INFO - Completed: fq_1763388236547_0
2025-11-17 21:04:34 - INFO - App started
2025-11-17 21:04:35 - INFO - ✅ Drag & Drop enabled
2025-11-17 21:04:35 - INFO - Uploader ready
2025-11-17 21:04:41 - INFO - Added: Elearning_3.docx
2025-11-17 21:04:46 - INFO - Upload started
2025-11-17 21:04:46 - INFO - Completed: fq_1763388281411_0
2025-11-17 21:04:46 - INFO - Completed: fq_1763388281411_0
2025-11-17 21:04:48 - INFO - Upload started
2025-11-17 21:05:50 - INFO - App started
2025-11-17 21:05:50 - INFO - ✅ Drag & Drop enabled
2025-11-17 21:05:50 - INFO - Uploader ready
2025-11-17 21:05:57 - INFO - Added: Elearning_3.docx
2025-11-17 21:06:01 - INFO - Upload started
2025-11-17 21:06:01 - INFO - Completed: fq_1763388357947_0
2025-11-17 21:06:01 - INFO - Completed: fq_1763388357947_0
2025-11-17 21:06:05 - INFO - 📂 Drop event: {D:/082205003533-Võ Khánh Duy.docx}
2025-11-17 21:06:05 - INFO - ✅ Added from drop: D:/082205003533-Võ Khánh Duy.docx
2025-11-17 21:06:05 - INFO - Added: 082205003533-Võ Khánh Duy.docx
2025-11-17 21:15:36 - INFO - App started
2025-11-17 21:15:37 - INFO - ✅ Drag & Drop enabled
2025-11-17 21:15:37 - INFO - Uploader ready
2025-11-17 21:15:48 - INFO - Added: Elearning_3.docx
2025-11-17 21:15:48 - INFO - Added: 082205003533-Võ Khánh Duy.docx
2025-11-17 21:15:50 - INFO - Upload started
2025-11-17 21:15:50 - INFO - Completed: fq_1763388947990_0
2025-11-17 21:15:50 - INFO - Completed: fq_1763388947990_0
2025-11-17 21:15:50 - INFO - Completed: fq_1763388948001_1
2025-11-17 21:15:50 - INFO - Completed: fq_1763388948001_1
2025-11-17 21:17:15 - INFO - 📂 Drop event: C:/Users/Admin/Downloads/Elearning_5.docx
2025-11-17 21:17:15 - INFO - ✅ Added from drop: C:/Users/Admin/Downloads/Elearning_5.docx
2025-11-17 21:17:15 - INFO - Added: Elearning_5.docx
2025-11-17 21:17:42 - INFO - 📂 Drop event: C:/Users/Admin/Downloads/Bài-tập-Elearning_05_UT.docx
2025-11-17 21:17:42 - INFO - ✅ Added from drop: C:/Users/Admin/Downloads/Bài-tập-Elearning_05_UT.docx
2025-11-17 21:17:42 - INFO - Added: Bài-tập-Elearning_05_UT.docx
2025-11-17 21:23:13 - INFO - App started
2025-11-17 21:23:14 - INFO - ✅ Drag & Drop enabled
2025-11-17 21:23:22 - INFO - ✅ Added: Elearning_5.docx
2025-11-17 21:23:28 - INFO - Upload started
2025-11-17 21:23:29 - INFO - Upload started
2025-11-17 21:23:37 - INFO - ✅ Added: Elearning_3.docx
2025-11-17 21:23:38 - INFO - Upload started
2025-11-17 21:23:41 - INFO - Upload started
2025-11-17 21:34:48 - INFO - App started
2025-11-17 21:34:48 - INFO - ✅ Drag & Drop enabled
2025-11-17 21:34:49 - INFO - Uploader ready
2025-11-17 21:34:59 - INFO - User logged in: duy (id=2)
2025-11-17 21:35:02 - INFO - Added: Elearning_5.docx
2025-11-17 21:35:04 - INFO - Upload started
2025-11-17 21:35:04 - INFO - Completed: fq_1763390102272_0
2025-11-17 21:35:04 - INFO - Completed: fq_1763390102272_0
2025-11-17 21:35:19 - INFO - 📂 Drop event: C:/Users/Admin/Downloads/Bài-tập-Elearning_04_UT.docx
2025-11-17 21:35:19 - INFO - ✅ Added from drop: C:/Users/Admin/Downloads/Bài-tập-Elearning_04_UT.docx
2025-11-17 21:35:19 - INFO - Added: Bài-tập-Elearning_04_UT.docx
2025-11-17 21:35:27 - INFO - User logged out
2025-11-17 21:40:16 - INFO - App started
2025-11-17 21:40:17 - INFO - ✅ Drag & Drop enabled
2025-11-17 21:40:17 - INFO - Uploader ready
2025-11-17 21:41:37 - INFO - App started
2025-11-17 21:41:37 - INFO - ✅ Drag & Drop enabled
2025-11-17 21:41:37 - INFO - Uploader ready
2025-11-17 21:41:41 - INFO - Uploader ready
2025-11-17 21:41:41 - INFO - User logged out
2025-11-17 21:45:38 - INFO - App started
2025-11-17 21:45:38 - INFO - ✅ Drag & Drop enabled
2025-11-17 21:45:38 - INFO - Uploader ready
2025-11-17 21:45:43 - INFO - Register demo
2025-11-17 21:45:46 - INFO - Register demo
2025-11-17 21:45:47 - INFO - User logged in demo
2025-11-17 21:45:48 - INFO - User logged in demo
2025-11-17 21:45:49 - INFO - User logged in demo
2025-11-17 21:45:49 - INFO - User logged in demo
2025-11-17 21:45:50 - INFO - User logged in demo
2025-11-17 21:45:52 - INFO - Uploader ready
2025-11-17 21:45:52 - INFO - User logged out
2025-11-17 21:45:53 - INFO - User logged in demo
2025-11-17 21:54:20 - INFO - App started
2025-11-17 21:54:21 - INFO - ✅ Drag & Drop enabled
2025-11-17 21:54:46 - INFO - App started
2025-11-17 21:54:47 - INFO - ✅ Drag & Drop enabled
2025-11-17 21:55:30 - INFO - App started
2025-11-17 21:55:31 - INFO - ✅ Drag & Drop enabled
2025-11-17 21:58:39 - INFO - App started
2025-11-17 21:58:40 - INFO - ✅ Drag & Drop enabled
2025-11-17 21:58:40 - INFO - Uploader ready
2025-11-17 21:58:50 - INFO - User logged in: duy
2025-11-17 21:58:58 - INFO - 📂 Drop event: C:/Users/Admin/Downloads/Elearning_4.docx
2025-11-17 21:58:58 - INFO - ✅ Added from drop: C:/Users/Admin/Downloads/Elearning_4.docx
2025-11-17 21:58:58 - INFO - Added: Elearning_4.docx
2025-11-17 21:59:26 - INFO - App started
2025-11-17 21:59:27 - INFO - ✅ Drag & Drop enabled
2025-11-17 21:59:27 - INFO - Uploader ready
2025-11-17 22:02:27 - INFO - App started
2025-11-17 22:02:28 - INFO - ✅ Drag & Drop enabled
2025-11-17 22:02:38 - INFO - ✅ Added: Elearning_4.docx
2025-11-17 22:02:41 - INFO - Upload started
2025-11-17 22:02:52 - INFO - Upload started
2025-11-17 22:02:58 - INFO - ✅ Added: Elearning_3.docx
2025-11-17 22:03:00 - INFO - Upload started
2025-11-17 22:08:49 - INFO - App started
2025-11-17 22:08:50 - INFO - ✅ Drag & Drop enabled
2025-11-17 22:08:57 - INFO - ✅ Added: Elearning_4.docx
2025-11-17 22:09:00 - INFO - Upload started
2025-11-17 22:09:09 - INFO - ✅ Added: Elearning_3.docx
2025-11-17 22:09:11 - INFO - Upload started
2025-11-17 22:09:17 - INFO - Upload started
2025-11-17 22:09:34 - INFO - ✅ Added: Elearning_4.docx
2025-11-17 22:09:34 - INFO - ✅ Added: Elearning_3.docx
2025-11-17 22:09:56 - INFO - App started
2025-11-17 22:09:56 - INFO - ✅ Drag & Drop enabled
2025-11-17 22:10:36 - INFO - App started
2025-11-17 22:10:37 - INFO - ✅ Drag & Drop enabled
2025-11-17 22:16:21 - INFO - App started
2025-11-17 22:16:22 - INFO - ✅ Drag & Drop enabled
2025-11-17 22:16:29 - INFO - ✅ Added: Elearning_4.docx
2025-11-17 22:16:29 - INFO - ✅ Added: Elearning_3.docx
2025-11-17 22:16:43 - INFO - ✅ Added: Bài-tập-Elearning_05_UT.docx
2025-11-17 22:16:45 - INFO - Upload started
2025-11-17 22:18:23 - INFO - ✅ Added: Elearning_4.docx
2025-11-17 22:18:23 - INFO - ✅ Added: Elearning_3.docx
2025-11-17 22:18:23 - INFO - ✅ Added: Bài-tập-Elearning_05_UT.docx
