2025-11-17 18:38:10 - INFO - App started
2025-11-17 18:38:11 - INFO - Uploader ready
2025-11-18 00:52:04 - INFO - App started
2025-11-18 00:52:04 - INFO - ✅ Drag & Drop enabled
2025-11-18 00:52:15 - INFO - ✅ Added: 083205004013_Nguyễn Hồ Hoàng Phúc(1).docx
2025-11-18 00:52:16 - INFO - Upload started
2025-11-18 01:02:47 - INFO - App started
2025-11-18 01:02:48 - INFO - ✅ Drag & Drop enabled
2025-11-18 01:03:18 - INFO - ✅ Added: 083205004013_Nguyễn Hồ Hoàng Phúc(3).docx
2025-11-18 01:03:20 - INFO - Upload started
2025-11-18 01:04:02 - INFO - ✅ Added: 083205004013_Nguyễn Hồ Hoàng Phúc(1).docx
2025-11-18 01:04:10 - INFO - Upload started
2025-11-18 01:04:15 - INFO - List cleared
2025-11-18 01:04:54 - INFO - ✅ Added: 083205004013_Nguyễn Hồ Hoàng Phúc(1).docx
2025-11-18 01:04:56 - INFO - Upload started
2025-11-18 01:05:16 - INFO - ✅ Added: 083205004013_Nguyễn Hồ Hoàng Phúc(1).docx
2025-11-18 01:05:36 - INFO - List cleared
2025-11-18 01:12:57 - INFO - App started
2025-11-18 01:12:58 - INFO - ✅ Drag & Drop enabled
2025-11-18 01:13:07 - INFO - ✅ Added: 083205004013_Nguyễn Hồ Hoàng Phúc(2).docx
2025-11-18 01:13:08 - INFO - Upload started
2025-11-18 01:13:14 - INFO - Upload started
2025-11-18 01:13:31 - INFO - ✅ Added: 083205004013_Nguyễn Hồ Hoàng Phúc(4).pdf
2025-11-18 01:13:32 - INFO - Upload started
2025-11-18 01:13:43 - INFO - List cleared
2025-11-18 01:13:53 - INFO - ✅ Added: 083205004013_Nguyễn Hồ Hoàng Phúc(5).docx
2025-11-18 01:13:53 - INFO - Upload started
2025-11-18 01:14:14 - INFO - List cleared
2025-11-18 01:21:45 - INFO - App started
2025-11-18 01:21:46 - INFO - ✅ Drag & Drop enabled
2025-11-18 01:22:41 - INFO - ✅ Added: Bài thuyết trình về fame 1 .docx
2025-11-18 01:22:42 - INFO - Upload started
2025-11-18 01:23:13 - INFO - Upload started
2025-11-18 01:23:26 - INFO - ✅ Added: 083205004013_Nguyễn Hồ Hoàng Phúc(5).docx
2025-11-18 01:23:27 - INFO - Upload started
2025-11-18 01:23:39 - INFO - ✅ Added: Bài thuyết trình về fame 1 .docx
2025-11-18 01:32:44 - INFO - App started
2025-11-18 01:32:45 - INFO - ✅ Drag & Drop enabled
2025-11-18 01:33:23 - INFO - ✅ Added: 083205004013_Nguyễn Hồ Hoàng Phúc(4).pdf
2025-11-18 01:33:24 - INFO - Upload started
2025-11-18 01:33:42 - INFO - Upload started
2025-11-18 01:35:12 - INFO - App started
2025-11-18 01:35:13 - INFO - ✅ Drag & Drop enabled
2025-11-18 01:35:21 - INFO - ✅ Added: 083205004013_Nguyễn Hồ Hoàng Phúc(2).pdf
2025-11-18 01:35:22 - INFO - Upload started
2025-11-18 01:35:27 - INFO - List cleared
2025-11-18 01:35:31 - INFO - ✅ Added: 083205004013_Nguyễn Hồ Hoàng Phúc(4).pdf
2025-11-18 01:35:31 - INFO - Upload started
2025-11-18 01:35:34 - INFO - List cleared
