2025-11-12 22:55:42 - INFO - Test thông tin
2025-11-12 22:55:42 - ERROR - Test lỗi
2025-11-12 22:55:42 - INFO - UPLOAD SUCCESS - file_demo.txt (1024 bytes)
2025-11-12 22:55:42 - ERROR - UPLOAD FAILED - file_demo.txt - ERROR: Connection error
2025-11-15 10:22:40 - INFO - App started
2025-11-15 10:22:41 - INFO - ✅ Drag & Drop enabled
2025-11-15 10:22:42 - INFO - Uploader ready
2025-11-15 10:23:06 - INFO - App closed
2025-11-15 10:29:10 - INFO - App started
2025-11-15 10:29:12 - INFO - ✅ Drag & Drop enabled
2025-11-15 10:29:12 - INFO - Uploader ready
2025-11-15 10:31:11 - INFO - Added: 083205004013_Nguyễn Hồ Hoàng Phúc(1).docx
2025-11-15 10:31:11 - INFO - Added: 083205004013_Nguyễn Hồ Hoàng Phúc(2).docx
2025-11-15 10:31:11 - INFO - Added: 083205004013_Nguyễn Hồ Hoàng Phúc(2).pdf
2025-11-15 10:31:11 - INFO - Added: 083205004013_Nguyễn Hồ Hoàng Phúc(3).docx
2025-11-15 10:31:11 - INFO - Added: 083205004013_Nguyễn Hồ Hoàng Phúc(3).pdf
2025-11-15 10:31:11 - INFO - Added: 083205004013_Nguyễn Hồ Hoàng Phúc(4).docx
2025-11-15 10:31:11 - INFO - Added: 083205004013_Nguyễn Hồ Hoàng Phúc(4).pdf
2025-11-15 10:31:11 - INFO - Added: 083205004013_Nguyễn Hồ Hoàng Phúc.docx
2025-11-15 10:31:27 - INFO - Upload started
2025-11-15 10:31:27 - INFO - Completed: fq_1763177471715_1
2025-11-15 10:31:27 - INFO - Completed: fq_1763177471681_0
2025-11-15 10:31:27 - INFO - Completed: fq_1763177471723_2
2025-11-15 10:31:27 - INFO - Completed: fq_1763177471723_2
2025-11-15 10:31:27 - INFO - Completed: fq_1763177471681_0
2025-11-15 10:31:27 - INFO - Completed: fq_1763177471715_1
2025-11-15 10:31:27 - INFO - Completed: fq_1763177471731_3
2025-11-15 10:31:28 - INFO - Completed: fq_1763177471747_5
2025-11-15 10:31:28 - INFO - Completed: fq_1763177471741_4
2025-11-15 10:31:28 - INFO - Completed: fq_1763177471747_5
2025-11-15 10:31:28 - INFO - Completed: fq_1763177471741_4
2025-11-15 10:31:28 - INFO - Completed: fq_1763177471731_3
2025-11-15 10:31:28 - INFO - Completed: fq_1763177471763_7
2025-11-15 10:31:28 - INFO - Completed: fq_1763177471763_7
2025-11-15 10:31:28 - INFO - Completed: fq_1763177471755_6
2025-11-15 10:31:28 - INFO - Completed: fq_1763177471755_6
2025-11-15 10:43:09 - INFO - App started
2025-11-15 10:43:10 - INFO - ✅ Drag & Drop enabled
2025-11-15 10:43:10 - INFO - Uploader ready
2025-11-15 10:43:20 - INFO - Added: 083205004013_Nguyễn Hồ Hoàng Phúc(1).docx
2025-11-15 10:43:20 - INFO - Added: 083205004013_Nguyễn Hồ Hoàng Phúc(2).docx
2025-11-15 10:43:20 - INFO - Added: 083205004013_Nguyễn Hồ Hoàng Phúc(2).pdf
2025-11-15 10:43:20 - INFO - Added: 083205004013_Nguyễn Hồ Hoàng Phúc(3).docx
2025-11-15 10:43:24 - INFO - Upload started
2025-11-15 10:43:24 - INFO - Completed: fq_1763178200629_0
2025-11-15 10:43:24 - INFO - Completed: fq_1763178200629_0
2025-11-15 10:43:24 - INFO - Completed: fq_1763178200654_1
2025-11-15 10:43:24 - INFO - Completed: fq_1763178200654_1
2025-11-15 10:43:24 - INFO - Completed: fq_1763178200670_3
2025-11-15 10:43:24 - INFO - Completed: fq_1763178200670_3
2025-11-15 10:43:24 - INFO - Completed: fq_1763178200662_2
2025-11-15 10:43:24 - INFO - Completed: fq_1763178200662_2
2025-11-15 10:44:26 - INFO - Added: topic5_083205004013_Nguyễn Hồ Hoàng Phúc.mp4
2025-11-15 10:44:34 - INFO - Upload started
2025-11-15 10:44:36 - INFO - Completed: fq_1763178266537_4
2025-11-15 10:44:36 - INFO - Completed: fq_1763178266537_4
2025-11-15 10:45:49 - INFO - List cleared
2025-11-15 10:45:55 - INFO - Added: topic5_083205004013_Nguyễn Hồ Hoàng Phúc.mp4
2025-11-15 10:46:11 - INFO - Added: topic4_083205004013_Nguyễn Hồ Hoàng Phúc.mp4
2025-11-15 10:46:17 - INFO - Upload started
2025-11-15 10:46:19 - INFO - Completed: fq_1763178371475_1
2025-11-15 10:46:19 - INFO - Completed: fq_1763178371475_1
2025-11-15 10:46:20 - INFO - Completed: fq_1763178355244_0
2025-11-15 10:46:20 - INFO - Completed: fq_1763178355244_0
2025-11-15 10:47:06 - INFO - App closed
2025-11-15 10:51:06 - INFO - App started
2025-11-15 10:51:07 - INFO - ✅ Drag & Drop enabled
2025-11-15 10:51:08 - INFO - Uploader ready
2025-11-15 10:51:37 - INFO - Added: topic3_083205004013_Nguyễn Hồ Hoàng Phúc.mp4
2025-11-15 10:51:37 - INFO - Added: topic4_083205004013_Nguyễn Hồ Hoàng Phúc.mp4
2025-11-15 10:51:37 - INFO - Added: topic5_083205004013_Nguyễn Hồ Hoàng Phúc.mp4
2025-11-15 10:51:40 - INFO - Upload started
2025-11-15 10:51:41 - INFO - Completed: fq_1763178697056_1
2025-11-15 10:51:41 - INFO - Completed: fq_1763178697056_1
2025-11-15 10:51:42 - INFO - Completed: fq_1763178697065_2
2025-11-15 10:51:42 - INFO - Completed: fq_1763178697065_2
2025-11-15 10:51:42 - INFO - Completed: fq_1763178697023_0
2025-11-15 10:51:42 - INFO - Completed: fq_1763178697023_0
2025-11-15 10:53:36 - INFO - 📂 Drop event: D:/T.A/E3.docx {D:/T.A/083205004013_Nguyễn Hồ Hoàng Phúc(2).docx} {D:/T.A/E1_nhóm 9.pdf} {D:/T.A/Fame's dark side.docx} D:/T.A/TTHCM.docx {D:/T.A/083205004013_Nguyễn Hồ Hoàng Phúc(4).pdf} {D:/T.A/083205004013_Nguyễn Hồ Hoàng Phúc(4).docx} D:/T.A/BTE5.docx {D:/T.A/083205004013_Nguyễn Hồ Hoàng Phúc(3).docx} {D:/T.A/083205004013_Nguyễn Hồ Hoàng Phúc(3).pdf} D:/T.A/BTE4.docx {D:/T.A/083205004013_Nguyễn Hồ Hoàng Phúc(2).pdf}
2025-11-15 10:53:36 - INFO - ✅ Added from drop: D:/T.A/E3.docx
2025-11-15 10:53:36 - INFO - Added: E3.docx
2025-11-15 10:53:36 - INFO - ✅ Added from drop: D:/T.A/083205004013_Nguyễn Hồ Hoàng Phúc(2).docx
2025-11-15 10:53:36 - INFO - Added: 083205004013_Nguyễn Hồ Hoàng Phúc(2).docx
2025-11-15 10:53:36 - INFO - ✅ Added from drop: D:/T.A/E1_nhóm 9.pdf
2025-11-15 10:53:36 - INFO - Added: E1_nhóm 9.pdf
2025-11-15 10:53:36 - INFO - ✅ Added from drop: D:/T.A/Fame's dark side.docx
2025-11-15 10:53:36 - INFO - Added: Fame's dark side.docx
2025-11-15 10:53:36 - INFO - ✅ Added from drop: D:/T.A/TTHCM.docx
2025-11-15 10:53:36 - INFO - Added: TTHCM.docx
2025-11-15 10:53:36 - INFO - ✅ Added from drop: D:/T.A/083205004013_Nguyễn Hồ Hoàng Phúc(4).pdf
2025-11-15 10:53:36 - INFO - Added: 083205004013_Nguyễn Hồ Hoàng Phúc(4).pdf
2025-11-15 10:53:36 - INFO - ✅ Added from drop: D:/T.A/083205004013_Nguyễn Hồ Hoàng Phúc(4).docx
2025-11-15 10:53:36 - INFO - Added: 083205004013_Nguyễn Hồ Hoàng Phúc(4).docx
2025-11-15 10:53:36 - INFO - ✅ Added from drop: D:/T.A/BTE5.docx
2025-11-15 10:53:36 - INFO - Added: BTE5.docx
2025-11-15 10:53:36 - INFO - ✅ Added from drop: D:/T.A/083205004013_Nguyễn Hồ Hoàng Phúc(3).docx
2025-11-15 10:53:36 - INFO - Added: 083205004013_Nguyễn Hồ Hoàng Phúc(3).docx
2025-11-15 10:53:36 - INFO - ✅ Added from drop: D:/T.A/083205004013_Nguyễn Hồ Hoàng Phúc(3).pdf
2025-11-15 10:53:36 - INFO - Added: 083205004013_Nguyễn Hồ Hoàng Phúc(3).pdf
2025-11-15 10:53:36 - INFO - ✅ Added from drop: D:/T.A/BTE4.docx
2025-11-15 10:53:36 - INFO - Added: BTE4.docx
2025-11-15 10:53:36 - INFO - ✅ Added from drop: D:/T.A/083205004013_Nguyễn Hồ Hoàng Phúc(2).pdf
2025-11-15 10:53:36 - INFO - Added: 083205004013_Nguyễn Hồ Hoàng Phúc(2).pdf
2025-11-15 10:53:44 - INFO - Upload started
2025-11-15 10:53:44 - INFO - Completed: fq_1763178816188_4
2025-11-15 10:53:44 - INFO - Completed: fq_1763178816188_4
2025-11-15 10:53:44 - INFO - Completed: fq_1763178816176_3
2025-11-15 10:53:44 - INFO - Completed: fq_1763178816176_3
2025-11-15 10:53:44 - INFO - Completed: fq_1763178816212_6
2025-11-15 10:53:44 - INFO - Completed: fq_1763178816212_6
2025-11-15 10:53:44 - INFO - Completed: fq_1763178816200_5
2025-11-15 10:53:44 - INFO - Completed: fq_1763178816200_5
2025-11-15 10:53:44 - INFO - Completed: fq_1763178816222_7
2025-11-15 10:53:44 - INFO - Completed: fq_1763178816222_7
2025-11-15 10:53:45 - INFO - Completed: fq_1763178816251_10
2025-11-15 10:53:45 - INFO - Completed: fq_1763178816251_10
2025-11-15 10:53:45 - INFO - Completed: fq_1763178816228_8
2025-11-15 10:53:45 - INFO - Completed: fq_1763178816228_8
2025-11-15 10:53:45 - INFO - Completed: fq_1763178816243_9
2025-11-15 10:53:45 - INFO - Completed: fq_1763178816243_9
2025-11-15 10:53:45 - INFO - Completed: fq_1763178816259_11
2025-11-15 10:53:45 - INFO - Completed: fq_1763178816259_11
2025-11-15 10:53:45 - INFO - Completed: fq_1763178816275_13
2025-11-15 10:53:45 - INFO - Completed: fq_1763178816267_12
2025-11-15 10:53:45 - INFO - Completed: fq_1763178816275_13
2025-11-15 10:53:45 - INFO - Completed: fq_1763178816267_12
2025-11-15 10:53:45 - INFO - Completed: fq_1763178816291_14
2025-11-15 10:53:45 - INFO - Completed: fq_1763178816291_14
2025-11-15 10:55:25 - INFO - List cleared
2025-11-15 10:55:33 - INFO - Added: 083205004013_Nguyễn Hồ Hoàng Phúc(1).docx
2025-11-15 10:55:33 - INFO - Added: 083205004013_Nguyễn Hồ Hoàng Phúc(2).docx
2025-11-15 10:55:33 - INFO - Added: 083205004013_Nguyễn Hồ Hoàng Phúc(2).pdf
2025-11-15 10:55:33 - INFO - Added: 083205004013_Nguyễn Hồ Hoàng Phúc(3).docx
2025-11-15 10:55:33 - INFO - Added: 083205004013_Nguyễn Hồ Hoàng Phúc(3).pdf
2025-11-15 10:55:33 - INFO - Added: 083205004013_Nguyễn Hồ Hoàng Phúc(4).docx
2025-11-15 10:55:33 - INFO - Added: 083205004013_Nguyễn Hồ Hoàng Phúc(4).pdf
2025-11-15 10:55:38 - INFO - Upload started
2025-11-15 10:55:38 - INFO - Completed: fq_1763178933146_0
2025-11-15 10:55:38 - INFO - Completed: fq_1763178933154_1
2025-11-15 10:55:38 - INFO - Completed: fq_1763178933146_0
2025-11-15 10:55:38 - INFO - Completed: fq_1763178933154_1
2025-11-15 10:55:38 - INFO - Completed: fq_1763178933172_3
2025-11-15 10:55:38 - INFO - Completed: fq_1763178933172_3
2025-11-15 10:55:38 - INFO - Completed: fq_1763178933162_2
2025-11-15 10:55:38 - INFO - Completed: fq_1763178933162_2
2025-11-15 10:55:38 - INFO - Completed: fq_1763178933174_4
2025-11-15 10:55:38 - INFO - Completed: fq_1763178933182_5
2025-11-15 10:55:38 - INFO - Completed: fq_1763178933174_4
2025-11-15 10:55:38 - INFO - Completed: fq_1763178933182_5
2025-11-15 10:55:38 - INFO - Completed: fq_1763178933194_6
2025-11-15 10:55:38 - INFO - Completed: fq_1763178933194_6
2025-11-15 11:03:11 - INFO - App closed
2025-11-15 20:17:53 - INFO - App started
2025-11-15 20:17:53 - INFO - ✅ Drag & Drop enabled
2025-11-15 20:17:53 - INFO - Uploader ready
2025-11-15 20:18:06 - INFO - [UDP Discovery] Connected to 26.77.150.83:9999
2025-11-15 20:18:39 - INFO - Added: 083205004013_Nguyễn Hồ Hoàng Phúc(1).docx
2025-11-15 20:18:40 - INFO - Upload started
2025-11-15 20:19:01 - INFO - Upload cancelled
2025-11-15 20:19:10 - INFO - Added: topic1_083205004013_Nguyễn Hồ Hoàng Phúc.mp4
2025-11-15 20:19:41 - INFO - Upload started
2025-11-15 20:28:08 - INFO - App started
2025-11-15 20:28:08 - INFO - ✅ Drag & Drop enabled
2025-11-15 20:28:08 - INFO - Uploader ready
2025-11-15 20:28:27 - INFO - [UDP Discovery] Connected to 26.77.150.83:9999
2025-11-15 20:28:32 - INFO - [UDP Discovery] Connected to 26.77.150.83:9999
2025-11-15 20:30:41 - INFO - Added: 083205004013_Nguyễn Hồ Hoàng Phúc(1).docx
2025-11-15 20:30:47 - INFO - Upload started
2025-11-15 20:32:11 - INFO - App closed
2025-11-15 20:32:12 - INFO - App closed
2025-11-15 20:41:15 - INFO - App started
2025-11-15 20:41:16 - INFO - ✅ Drag & Drop enabled
2025-11-15 20:41:16 - INFO - Uploader ready
2025-11-15 20:41:20 - INFO - Added: 083205004013_Nguyễn Hồ Hoàng Phúc(1).docx
2025-11-15 20:41:21 - INFO - Upload started
2025-11-15 20:41:21 - INFO - Completed: fq_1763214080753_0
2025-11-15 20:41:21 - INFO - Completed: fq_1763214080753_0
2025-11-15 20:41:29 - INFO - [UDP Discovery] Connected to 26.77.150.83:9999
2025-11-15 20:41:34 - INFO - Added: 083205004013_Nguyễn Hồ Hoàng Phúc(2).pdf
2025-11-15 20:41:35 - INFO - Upload started
2025-11-15 20:41:37 - INFO - Error: fq_1763214094410_1 - Lỗi: Failed to connect to server: [WinError 10061] No connection could be made because the target machine actively refused it
2025-11-15 20:41:37 - INFO - Error: fq_1763214094410_1 - 
2025-11-15 20:44:33 - INFO - App closed
2025-11-15 20:44:39 - INFO - App started
2025-11-15 20:44:40 - INFO - ✅ Drag & Drop enabled
2025-11-15 20:44:40 - INFO - Uploader ready
2025-11-15 20:44:55 - INFO - Added: 083205004013_Nguyễn Hồ Hoàng Phúc(4).pdf
2025-11-15 20:44:56 - INFO - Upload started
2025-11-15 20:44:56 - INFO - Completed: fq_1763214295144_0
2025-11-15 20:44:56 - INFO - Completed: fq_1763214295144_0
2025-11-15 20:45:13 - INFO - Added: a.docx
2025-11-15 20:45:13 - INFO - Upload started
2025-11-15 20:45:13 - INFO - Completed: fq_1763214313191_1
2025-11-15 20:45:13 - INFO - Completed: fq_1763214313191_1
2025-11-15 20:51:34 - INFO - Added: 083205004013_Nguyễn Hồ Hoàng Phúc(4).docx
2025-11-15 20:51:36 - INFO - Upload started
2025-11-15 20:51:36 - INFO - Completed: fq_1763214694519_2
2025-11-15 20:51:36 - INFO - Completed: fq_1763214694519_2
2025-11-15 20:52:03 - INFO - [UDP Discovery] Connected to 26.77.150.83:9999
2025-11-15 20:52:08 - INFO - Added: 083205004013_Nguyễn Hồ Hoàng Phúc(5).docx
2025-11-15 20:52:08 - INFO - Upload started
2025-11-15 20:52:10 - INFO - Error: fq_1763214728207_3 - Lỗi: Failed to connect to server: [WinError 10061] No connection could be made because the target machine actively refused it
2025-11-15 20:52:10 - INFO - Error: fq_1763214728207_3 - 
2025-11-15 20:52:13 - INFO - List cleared
2025-11-15 20:52:15 - INFO - App closed
2025-11-15 20:54:44 - INFO - App started
2025-11-15 20:54:44 - INFO - ✅ Drag & Drop enabled
2025-11-15 20:54:44 - INFO - Uploader ready
2025-11-15 20:54:51 - INFO - Added: topic4_083205004013_Nguyễn Hồ Hoàng Phúc.mp4
2025-11-15 20:54:53 - INFO - Upload started
2025-11-15 20:54:54 - INFO - Completed: fq_1763214891879_0
2025-11-15 20:54:54 - INFO - Completed: fq_1763214891879_0
2025-11-15 20:56:21 - INFO - Added: topic3_083205004013_Nguyễn Hồ Hoàng Phúc.mp4
2025-11-15 20:56:22 - INFO - Upload started
2025-11-15 20:56:23 - INFO - Completed: fq_1763214981051_1
2025-11-15 20:56:23 - INFO - Completed: fq_1763214981051_1
2025-11-15 21:01:28 - INFO - App closed
2025-11-15 21:02:07 - INFO - App started
2025-11-15 21:02:08 - INFO - ✅ Drag & Drop enabled
2025-11-15 21:02:08 - INFO - Uploader ready
2025-11-15 21:02:12 - INFO - Added: 083205004013_Nguyễn Hồ Hoàng Phúc(2).pdf
2025-11-15 21:02:13 - INFO - Upload started
2025-11-15 21:02:13 - INFO - Completed: fq_1763215332504_0
2025-11-15 21:02:13 - INFO - Completed: fq_1763215332504_0
2025-11-15 21:02:39 - INFO - Added: 083205004013_Nguyễn Hồ Hoàng Phúc(4).pdf
2025-11-15 21:02:40 - INFO - Upload started
2025-11-15 21:02:40 - INFO - Completed: fq_1763215359910_1
2025-11-15 21:02:40 - INFO - Completed: fq_1763215359910_1
2025-11-15 21:08:33 - INFO - App started
2025-11-15 21:08:34 - INFO - ✅ Drag & Drop enabled
2025-11-15 21:08:34 - INFO - Uploader ready
2025-11-15 21:08:44 - INFO - Added: topic4_083205004013_Nguyễn Hồ Hoàng Phúc.mp4
2025-11-15 21:08:46 - INFO - Upload started
2025-11-15 21:08:46 - INFO - Completed: fq_1763215724941_0
2025-11-15 21:08:46 - INFO - Completed: fq_1763215724941_0
2025-11-15 21:09:17 - INFO - App closed
